分类: 📺央视频道, 名称: CCTV-2, 有效: 1, IPv4: 2, IPv6: 0, 最小延迟: 2646 ms, 最高速率: 0.87 M/s, 平均速率: 0.87 M/s, 最高分辨率: 1920x1080
分类: 📺央视频道, 名称: CCTV-1, 有效: 0, IPv4: 3, IPv6: 0, 最小延迟: 3387 ms, 最高速率: 0.12 M/s, 平均速率: 0.00 M/s, 最高分辨率: 1920x1080
分类: 📺央视频道, 名称: CCTV-3, 有效: 0, IPv4: 3, IPv6: 0, 最小延迟: 4645 ms, 最高速率: 0.07 M/s, 平均速率: 0.00 M/s, 最高分辨率: 1920x1080
分类: 📺央视频道, 名称: CCTV-4, 有效: 1, IPv4: 3, IPv6: 0, 最小延迟: 2320 ms, 最高速率: 0.97 M/s, 平均速率: 0.97 M/s, 最高分辨率: 1920x1080
分类: 📺央视频道, 名称: CCTV-5, 有效: 0, IPv4: 3, IPv6: 0, 最小延迟: 617 ms, 最高速率: 0.16 M/s, 平均速率: 0.00 M/s, 最高分辨率: 1920x1080
分类: 📺央视频道, 名称: CCTV-5+, 有效: 0, IPv4: 2, IPv6: 0, 最小延迟: 10524 ms, 最高速率: 0.01 M/s, 平均速率: 0.00 M/s, 最高分辨率: 1920x1080
分类: 📺央视频道, 名称: CCTV-7, 有效: 1, IPv4: 2, IPv6: 0, 最小延迟: 2270 ms, 最高速率: 0.77 M/s, 平均速率: 0.77 M/s, 最高分辨率: 1920x1080
分类: 📺央视频道, 名称: CCTV-6, 有效: 0, IPv4: 3, IPv6: 0, 最小延迟: 605 ms, 最高速率: 0.23 M/s, 平均速率: 0.00 M/s, 最高分辨率: 1920x1080
分类: 📺央视频道, 名称: CCTV-8, 有效: 0, IPv4: 3, IPv6: 0, 最小延迟: 1353 ms, 最高速率: 0.26 M/s, 平均速率: 0.00 M/s, 最高分辨率: 1920x1080
分类: 📺央视频道, 名称: CCTV-9, 有效: 0, IPv4: 3, IPv6: 0, 最小延迟: 1404 ms, 最高速率: 0.07 M/s, 平均速率: 0.00 M/s, 最高分辨率: 1920x1080
分类: 📺央视频道, 名称: CCTV-10, 有效: 0, IPv4: 3, IPv6: 0, 最小延迟: 10138 ms, 最高速率: 0.01 M/s, 平均速率: 0.00 M/s, 最高分辨率: 1920x1080
分类: 📺央视频道, 名称: CCTV-11, 有效: 0, IPv4: 2, IPv6: 0, 最小延迟: 2852 ms, 最高速率: 0.03 M/s, 平均速率: 0.00 M/s, 最高分辨率: 1920x1080
分类: 📺央视频道, 名称: CCTV-13, 有效: 1, IPv4: 3, IPv6: 0, 最小延迟: 2325 ms, 最高速率: 0.97 M/s, 平均速率: 0.97 M/s, 最高分辨率: 1920x1080
分类: 📺央视频道, 名称: CCTV-12, 有效: 0, IPv4: 3, IPv6: 0, 最小延迟: 3474 ms, 最高速率: 0.04 M/s, 平均速率: 0.00 M/s, 最高分辨率: 1920x1080
分类: 📺央视频道, 名称: CCTV-16, 有效: 0, IPv4: 1, IPv6: 0, 最小延迟: -1 ms, 最高速率: 0.00 M/s, 平均速率: 0.00 M/s, 最高分辨率: 1920x1080
分类: 📺央视频道, 名称: CCTV-17, 有效: 0, IPv4: 1, IPv6: 0, 最小延迟: -1 ms, 最高速率: 0.00 M/s, 平均速率: 0.00 M/s, 最高分辨率: 1920x1080
分类: 📺央视频道, 名称: CCTV-14, 有效: 0, IPv4: 3, IPv6: 0, 最小延迟: 2440 ms, 最高速率: 0.04 M/s, 平均速率: 0.00 M/s, 最高分辨率: 1920x1080
分类: 📺央视频道, 名称: CCTV-15, 有效: 0, IPv4: 3, IPv6: 0, 最小延迟: 10853 ms, 最高速率: 0.01 M/s, 平均速率: 0.00 M/s, 最高分辨率: 1920x1080
分类: 📡卫视频道, 名称: 浙江卫视, 有效: 1, IPv4: 2, IPv6: 0, 最小延迟: 2320 ms, 最高速率: 0.97 M/s, 平均速率: 0.97 M/s, 最高分辨率: 1920x1080
分类: 📺央视频道, 名称: CHC高清电影, 有效: 0, IPv4: 1, IPv6: 0, 最小延迟: -1 ms, 最高速率: 0.00 M/s, 平均速率: 0.00 M/s, 最高分辨率: 1920x1080
分类: 📺央视频道, 名称: CHC家庭影院, 有效: 0, IPv4: 1, IPv6: 0, 最小延迟: -1 ms, 最高速率: 0.00 M/s, 平均速率: 0.00 M/s, 最高分辨率: 1920x1080
分类: 📡卫视频道, 名称: 广东卫视, 有效: 0, IPv4: 1, IPv6: 0, 最小延迟: -1 ms, 最高速率: 0.00 M/s, 平均速率: 0.00 M/s, 最高分辨率: 1920x1080
分类: 📡卫视频道, 名称: 湖南卫视, 有效: 1, IPv4: 3, IPv6: 0, 最小延迟: 2348 ms, 最高速率: 0.97 M/s, 平均速率: 0.97 M/s, 最高分辨率: 1920x1080
分类: 📡卫视频道, 名称: 北京卫视, 有效: 1, IPv4: 3, IPv6: 0, 最小延迟: 2047 ms, 最高速率: 0.68 M/s, 平均速率: 0.68 M/s, 最高分辨率: 1920x1080
分类: 📡卫视频道, 名称: 湖北卫视, 有效: 1, IPv4: 2, IPv6: 0, 最小延迟: 2352 ms, 最高速率: 0.97 M/s, 平均速率: 0.97 M/s, 最高分辨率: 1920x1080
分类: 📡卫视频道, 名称: 安徽卫视, 有效: 1, IPv4: 2, IPv6: 0, 最小延迟: 2292 ms, 最高速率: 0.56 M/s, 平均速率: 0.56 M/s, 最高分辨率: 1920x1080
分类: 📡卫视频道, 名称: 黑龙江卫视, 有效: 0, IPv4: 1, IPv6: 0, 最小延迟: -1 ms, 最高速率: 0.00 M/s, 平均速率: 0.00 M/s, 最高分辨率: 1920x1080
分类: 📡卫视频道, 名称: 东方卫视, 有效: 1, IPv4: 2, IPv6: 0, 最小延迟: 2549 ms, 最高速率: 0.92 M/s, 平均速率: 0.92 M/s, 最高分辨率: 1920x1080
分类: 📡卫视频道, 名称: 重庆卫视, 有效: 0, IPv4: 2, IPv6: 0, 最小延迟: 1466 ms, 最高速率: 0.05 M/s, 平均速率: 0.00 M/s, 最高分辨率: 1920x1080
分类: 📡卫视频道, 名称: 海南卫视, 有效: 0, IPv4: 1, IPv6: 0, 最小延迟: -1 ms, 最高速率: 0.00 M/s, 平均速率: 0.00 M/s, 最高分辨率: 1920x1080
分类: 📡卫视频道, 名称: 东南卫视, 有效: 0, IPv4: 1, IPv6: 0, 最小延迟: -1 ms, 最高速率: 0.00 M/s, 平均速率: 0.00 M/s, 最高分辨率: 1920x1080
分类: 📡卫视频道, 名称: 甘肃卫视, 有效: 0, IPv4: 1, IPv6: 0, 最小延迟: -1 ms, 最高速率: 0.00 M/s, 平均速率: 0.00 M/s, 最高分辨率: 1920x1080
分类: 📡卫视频道, 名称: 广西卫视, 有效: 0, IPv4: 1, IPv6: 0, 最小延迟: -1 ms, 最高速率: 0.00 M/s, 平均速率: 0.00 M/s, 最高分辨率: 1920x1080
分类: 📡卫视频道, 名称: 贵州卫视, 有效: 0, IPv4: 2, IPv6: 0, 最小延迟: 1675 ms, 最高速率: 0.06 M/s, 平均速率: 0.00 M/s, 最高分辨率: 1920x1080
分类: 📡卫视频道, 名称: 河北卫视, 有效: 0, IPv4: 2, IPv6: 0, 最小延迟: 10096 ms, 最高速率: 0.17 M/s, 平均速率: 0.00 M/s, 最高分辨率: 1920x1080
分类: 📡卫视频道, 名称: 辽宁卫视, 有效: 1, IPv4: 1, IPv6: 0, 最小延迟: 2277 ms, 最高速率: 0.76 M/s, 平均速率: 0.76 M/s, 最高分辨率: 1920x1080
分类: 📡卫视频道, 名称: 河南卫视, 有效: 0, IPv4: 3, IPv6: 0, 最小延迟: 1800 ms, 最高速率: 0.07 M/s, 平均速率: 0.00 M/s, 最高分辨率: 1920x1080
分类: 📡卫视频道, 名称: 宁夏卫视, 有效: 0, IPv4: 1, IPv6: 0, 最小延迟: -1 ms, 最高速率: 0.00 M/s, 平均速率: 0.00 M/s, 最高分辨率: 1920x1080
分类: 📡卫视频道, 名称: 江苏卫视, 有效: 1, IPv4: 2, IPv6: 0, 最小延迟: 2303 ms, 最高速率: 0.97 M/s, 平均速率: 0.97 M/s, 最高分辨率: 1920x1080
分类: 📡卫视频道, 名称: 吉林卫视, 有效: 0, IPv4: 1, IPv6: 0, 最小延迟: -1 ms, 最高速率: 0.00 M/s, 平均速率: 0.00 M/s, 最高分辨率: 1920x1080
分类: 📡卫视频道, 名称: 山东卫视, 有效: 1, IPv4: 2, IPv6: 0, 最小延迟: 1397 ms, 最高速率: 0.77 M/s, 平均速率: 0.77 M/s, 最高分辨率: 1920x1080
分类: 📡卫视频道, 名称: 江西卫视, 有效: 0, IPv4: 1, IPv6: 0, 最小延迟: -1 ms, 最高速率: 0.00 M/s, 平均速率: 0.00 M/s, 最高分辨率: 1920x1080
分类: 📡卫视频道, 名称: 内蒙古卫视, 有效: 0, IPv4: 1, IPv6: 0, 最小延迟: -1 ms, 最高速率: 0.00 M/s, 平均速率: 0.00 M/s, 最高分辨率: None
分类: 📡卫视频道, 名称: 青海卫视, 有效: 0, IPv4: 1, IPv6: 0, 最小延迟: -1 ms, 最高速率: 0.00 M/s, 平均速率: 0.00 M/s, 最高分辨率: None
分类: 📡卫视频道, 名称: 深圳卫视, 有效: 0, IPv4: 2, IPv6: 0, 最小延迟: 1594 ms, 最高速率: 0.07 M/s, 平均速率: 0.00 M/s, 最高分辨率: 1920x1080
分类: 📡卫视频道, 名称: 西藏卫视, 有效: 0, IPv4: 1, IPv6: 0, 最小延迟: -1 ms, 最高速率: 0.00 M/s, 平均速率: 0.00 M/s, 最高分辨率: 1920x1080
分类: 📡卫视频道, 名称: 新疆卫视, 有效: 0, IPv4: 1, IPv6: 0, 最小延迟: -1 ms, 最高速率: 0.00 M/s, 平均速率: 0.00 M/s, 最高分辨率: 1920x1080
分类: 📡卫视频道, 名称: 山西卫视, 有效: 0, IPv4: 2, IPv6: 0, 最小延迟: -1 ms, 最高速率: 0.00 M/s, 平均速率: 0.00 M/s, 最高分辨率: 1920x1080
分类: 📡卫视频道, 名称: 天津卫视, 有效: 0, IPv4: 2, IPv6: 0, 最小延迟: 1784 ms, 最高速率: 0.06 M/s, 平均速率: 0.00 M/s, 最高分辨率: 1920x1080
分类: 📡卫视频道, 名称: 陕西卫视, 有效: 0, IPv4: 2, IPv6: 0, 最小延迟: 2632 ms, 最高速率: 0.05 M/s, 平均速率: 0.00 M/s, 最高分辨率: 1920x1080
分类: 📡卫视频道, 名称: 四川卫视, 有效: 0, IPv4: 1, IPv6: 0, 最小延迟: -1 ms, 最高速率: 0.00 M/s, 平均速率: 0.00 M/s, 最高分辨率: 1920x1080
分类: 📡卫视频道, 名称: 云南卫视, 有效: 0, IPv4: 1, IPv6: 0, 最小延迟: -1 ms, 最高速率: 0.00 M/s, 平均速率: 0.00 M/s, 最高分辨率: 1920x1080
